
> react-hooks-state-lab@1.0.0 test
> jest

  console.error
    Warning: `ReactDOMTestUtils.act` is deprecated in favor of `React.act`. Import `act` from `react` instead of `react-dom/test-utils`. See https://react.dev/warnings/react-dom-test-utils for more info.

    [0m [90m  6 |[39m
     [90m  7 |[39m test([32m'toggles dark mode on button click'[39m[33m,[39m () [33m=>[39m {
    [31m[1m>[22m[39m[90m  8 |[39m   render([33m<[39m[33mApp[39m [33m/[39m[33m>[39m)
     [90m    |[39m         [31m[1m^[22m[39m
     [90m  9 |[39m   [36mconst[39m toggleBtn [33m=[39m screen[33m.[39mgetByRole([32m'button'[39m[33m,[39m { name[33m:[39m [35m/toggle/i[39m })
     [90m 10 |[39m   expect(toggleBtn)[33m.[39mtoBeInTheDocument()
     [90m 11 |[39m[0m

      at printWarning (node_modules/react-dom/cjs/react-dom-test-utils.development.js:71:30)
      at error (node_modules/react-dom/cjs/react-dom-test-utils.development.js:45:7)
      at actWithWarning (node_modules/react-dom/cjs/react-dom-test-utils.development.js:1736:7)
      at node_modules/@testing-library/react/dist/act-compat.js:63:25
      at renderRoot (node_modules/@testing-library/react/dist/pure.js:159:26)
      at render (node_modules/@testing-library/react/dist/pure.js:246:10)
      at Object.<anonymous> (src/__tests__/indexTest.js:8:9)

node.exe : FAIL 
src/__tests__/indexTest.js
At line:1 char:1
+ & "C:\Program 
Files\nodejs/node.exe" 
"C:\Program 
Files\nodejs/node_mo ...
+ ~~~~~~~~~~~~~~~~~~~~~~~~~~~
~~~~~~~~~~~~~~~~~~~~~~~~~~~~~
~~~~~~~~~~~~~
    + CategoryInfo           
   : NotSpecified: (FAIL sr  
  c/__tests__/indexTest.js   
 :String) [], RemoteExcep    
tion
    + FullyQualifiedErrorId  
   : NativeCommandError
 
  ΓêÜ toggles dark mode on 
button click (338 ms)
  ├ù filters products by 
category (28 ms)
  ├ù displays message when 
no products match filter (22 
ms)
  ├ù adds items to cart (12 
ms)

  ΓùÅ filters products by 
category

    expect(element).not.toBeI
nTheDocument()

    expected document not to 
contain element, found 
<h3>Milk</h3> instead

    [0m [90m 23 |[39m   fi
reEvent[33m.[39mchange(drop
down[33m,[39m { 
target[33m:[39m { 
value[33m:[39m 
[32m'Fruits'[39m } })
     [90m 24 |[39m   expect
(screen[33m.[39mgetByText(
[35m/Apple/i[39m))[33m.[39
mtoBeInTheDocument()
    
[31m[1m>[22m[39m[90m 25 
|[39m   expect(screen[33m.
[39mqueryByText([35m/Milk/i
[39m))[33m.[39mnot[33m.[3
9mtoBeInTheDocument()
     [90m    |[39m         
                             
     [31m[1m^[22m[39m
     [90m 26 |[39m })
     [90m 27 |[39m
     [90m 28 |[39m 
test([32m'displays message 
when no products match 
filter'[39m[33m,[39m () 
[33m=>[39m {[0m

      at 
Object.toBeInTheDocument (src
/__tests__/indexTest.js:25:43
)

  ΓùÅ displays message when 
no products match filter

    
TestingLibraryElementError: 
Unable to find an element 
with the text: /no products 
available/i. This could be 
because the text is broken 
up by multiple elements. In 
this case, you can provide a 
function for your text 
matcher to make your matcher 
more flexible.

    Ignored nodes: comments, 
script, style
    [36m<body>[39m
      [36m<div>[39m
        [36m<div[39m
          [33mclass[39m=[3
2m"light-mode"[39m
        [36m>[39m
          [36m<h1>[39m
            [0m≡ƒ¢Æ 
Shopping App[0m
          [36m</h1>[39m
          [36m<p>[39m
            [0mWelcome! 
Your task is to implement 
filtering, cart management, 
and dark mode.[0m
          [36m</p>[39m
          [36m<button>[39m
            [0mToggle Dark 
Mode[0m
          [36m</button>[39m
          [36m<label>[39m
            [0mFilter by 
Category: [0m
          [36m</label>[39m
          [36m<select>[39m
            [36m<option[39m
              [33mvalue[39m
=[32m"all"[39m
            [36m>[39m
              [0mAll[0m
            
[36m</option>[39m
            [36m<option[39m
              [33mvalue[39m
=[32m"Fruits"[39m
            [36m>[39m
              [0mFruits[0m
            
[36m</option>[39m
            [36m<option[39m
              [33mvalue[39m
=[32m"Dairy"[39m
            [36m>[39m
              [0mDairy[0m
            
[36m</option>[39m
          [36m</select>[39m
          [36m<div>[39m
            [36m<h2>[39m
              [0mAvailable 
Products[0m
            [36m</h2>[39m
            [36m<div[39m
              
[33mclass[39m=[32m"card 
"[39m
            [36m>[39m
              [36m<h3>[39m
                [0mApple[0m
              [36m</h3>[39m
              [36m<p>[39m
                [0mPrice: 
[0m
                [0m$1.00[0m
              [36m</p>[39m
              [36m<p>[39m
                [0mStatus: 
[0m
                [0mIn 
Stock[0m
              [36m</p>[39m
              
[36m<button[39m
                [33mdata-tes
tid[39m=[32m"product-1"[39
m
              [36m>[39m
                [0mAdd to 
Cart[0m
              
[36m</button>[39m
            [36m</div>[39m
            [36m<div[39m
              
[33mclass[39m=[32m"card 
outOfStock"[39m
            [36m>[39m
              [36m<h3>[39m
                [0mMilk[0m
              [36m</h3>[39m
              [36m<p>[39m
                [0mPrice: 
[0m
                [0m$2.50[0m
              [36m</p>[39m
              [36m<p>[39m
                [0mStatus: 
[0m
                [0mOut of 
Stock[0m
              [36m</p>[39m
              
[36m<button[39m
                [33mdata-tes
tid[39m=[32m"product-2"[39
m
              [36m>[39m
                [0mAdd to 
Cart[0m
              
[36m</button>[39m
            [36m</div>[39m
          [36m</div>[39m
        [36m</div>[39m
      [36m</div>[39m
    [36m</body>[39m

    [0m [90m 31 |[39m   fi
reEvent[33m.[39mchange(drop
down[33m,[39m { 
target[33m:[39m { 
value[33m:[39m 
[32m'NonExistent'[39m } })
     [90m 32 |[39m
    
[31m[1m>[22m[39m[90m 33 
|[39m   expect(screen[33m.
[39mgetByText([35m/no 
products available/i[39m))[
33m.[39mtoBeInTheDocument()
     [90m    |[39m         
        [31m[1m^[22m[39m
     [90m 34 |[39m })
     [90m 35 |[39m
     [90m 36 |[39m 
test([32m'adds items to 
cart'[39m[33m,[39m () 
[33m=>[39m {[0m

      at 
Object.getElementError (node_
modules/@testing-library/dom/
dist/config.js:37:19)
      at node_modules/@testin
g-library/dom/dist/query-help
ers.js:76:38
      at node_modules/@testin
g-library/dom/dist/query-help
ers.js:52:17
      at node_modules/@testin
g-library/dom/dist/query-help
ers.js:95:19
      at Object.getByText (sr
c/__tests__/indexTest.js:33:1
7)

  ΓùÅ adds items to cart

    
TestingLibraryElementError: 
Unable to find an element 
with the text: /shopping 
cart/i. This could be 
because the text is broken 
up by multiple elements. In 
this case, you can provide a 
function for your text 
matcher to make your matcher 
more flexible.

    Ignored nodes: comments, 
script, style
    [36m<body>[39m
      [36m<div>[39m
        [36m<div[39m
          [33mclass[39m=[3
2m"light-mode"[39m
        [36m>[39m
          [36m<h1>[39m
            [0m≡ƒ¢Æ 
Shopping App[0m
          [36m</h1>[39m
          [36m<p>[39m
            [0mWelcome! 
Your task is to implement 
filtering, cart management, 
and dark mode.[0m
          [36m</p>[39m
          [36m<button>[39m
            [0mToggle Dark 
Mode[0m
          [36m</button>[39m
          [36m<label>[39m
            [0mFilter by 
Category: [0m
          [36m</label>[39m
          [36m<select>[39m
            [36m<option[39m
              [33mvalue[39m
=[32m"all"[39m
            [36m>[39m
              [0mAll[0m
            
[36m</option>[39m
            [36m<option[39m
              [33mvalue[39m
=[32m"Fruits"[39m
            [36m>[39m
              [0mFruits[0m
            
[36m</option>[39m
            [36m<option[39m
              [33mvalue[39m
=[32m"Dairy"[39m
            [36m>[39m
              [0mDairy[0m
            
[36m</option>[39m
          [36m</select>[39m
          [36m<div>[39m
            [36m<h2>[39m
              [0mAvailable 
Products[0m
            [36m</h2>[39m
            [36m<div[39m
              
[33mclass[39m=[32m"card 
"[39m
            [36m>[39m
              [36m<h3>[39m
                [0mApple[0m
              [36m</h3>[39m
              [36m<p>[39m
                [0mPrice: 
[0m
                [0m$1.00[0m
              [36m</p>[39m
              [36m<p>[39m
                [0mStatus: 
[0m
                [0mIn 
Stock[0m
              [36m</p>[39m
              
[36m<button[39m
                [33mdata-tes
tid[39m=[32m"product-1"[39
m
              [36m>[39m
                [0mAdd to 
Cart[0m
              
[36m</button>[39m
            [36m</div>[39m
            [36m<div[39m
              
[33mclass[39m=[32m"card 
outOfStock"[39m
            [36m>[39m
              [36m<h3>[39m
                [0mMilk[0m
              [36m</h3>[39m
              [36m<p>[39m
                [0mPrice: 
[0m
                [0m$2.50[0m
              [36m</p>[39m
              [36m<p>[39m
                [0mStatus: 
[0m
                [0mOut of 
Stock[0m
              [36m</p>[39m
              
[36m<button[39m
                [33mdata-tes
tid[39m=[32m"product-2"[39
m
              [36m>[39m
                [0mAdd to 
Cart[0m
              
[36m</button>[39m
            [36m</div>[39m
          [36m</div>[39m
        [36m</div>[39m
      [36m</div>[39m
    [36m</body>[39m

    [0m [90m 40 |[39m   fi
reEvent[33m.[39mclick(apple
Btn)
     [90m 41 |[39m
    
[31m[1m>[22m[39m[90m 42 
|[39m   expect(screen[33m.
[39mgetByText([35m/shopping 
cart/i[39m))[33m.[39mtoBeI
nTheDocument()
     [90m    |[39m         
        [31m[1m^[22m[39m
     [90m 43 |[39m   expect
(screen[33m.[39mgetByText(
[35m/Apple is in your cart/i
[39m))[33m.[39mtoBeInTheDoc
ument()
     [90m 44 |[39m
     [90m 45 |[39m   
[36mconst[39m milkBtn 
[33m=[39m screen[33m.[39m
getByTestId([32m'product-'[
39m [33m+[39m sampleProduct
s[33m.[39mfind(i 
[33m=>[39m 
i[33m.[39mname 
[33m===[39m [32m'Milk'[39
m)[33m.[39mid)[0m

      at 
Object.getElementError (node_
modules/@testing-library/dom/
dist/config.js:37:19)
      at node_modules/@testin
g-library/dom/dist/query-help
ers.js:76:38
      at node_modules/@testin
g-library/dom/dist/query-help
ers.js:52:17
      at node_modules/@testin
g-library/dom/dist/query-help
ers.js:95:19
      at Object.getByText (sr
c/__tests__/indexTest.js:42:1
7)

Test Suites: 1 failed, 1 
total
Tests:       3 failed, 1 
passed, 4 total
Snapshots:   0 total
Time:        5.227 s
Ran all test suites.
